Starting Test Suite...

Testing: [1, '+', 2] ... PASS
Testing: [10, '-', 4] ... PASS
Testing: [3, '*', 5] ... PASS
Testing: [20, '/', 4] ... PASS
Testing: [2, '+', 3, '*', 4] ... PASS
Testing: [10, '-', 2, '*', 3] ... PASS
Testing: [20, '/', 5, '+', 2] ... PASS
Testing: ['(', 2, '+', 3, ')', '*', 4] ... PASS
Testing: [2, '*', '(', 3, '+', 4, ')'] ... PASS
Testing: ['(', 1, '+', 2, ')', '*', '(', 3, '+', 4, ')'] ... PASS
Testing: ['(', '(', 1, '+', 2, ')', '*', 2, ')'] ... PASS
Testing: ['sin', 0] ... PASS
Testing: ['cos', 0] ... PASS
Testing: ['tan', 45] ... FAIL (Expected 1, got 8.964444653782097)
Testing: [100, 'percent', 10] ... PASS
Testing: [50, '+', 100, 'percent', 10] ... FAIL (Expected 60, got 15.0)
Testing: [10, '/', 0] ... PASS
Testing: ['sin'] ... PASS
Testing: ['+', 5] ... PASS
Testing: [5, '+'] ... PASS

Test Summary: 18/20 tests passed.
